#./src/main/resources/Entities.map
#Tue Feb 19 23:09:54 CET 2019
languagePosition12=275
languagePosition11=274
languagePosition10=273
place4=281
place3=280
place2=279
place1=278
request3=297
request2=296
request1=295
languagePosition9=272
dropOut1=259
languagePosition8=271
languagePosition7=270
languagePosition6=269
enrolment3=294
languagePosition5=268
enrolment2=293
languagePosition4=267
enrolment1=292
languagePosition3=266
languagePosition2=265
languagePosition1=264
brotherhood3=254
member3=257
brotherhood2=253
member2=256
brotherhood1=252
member1=255
procession3=291
procession2=290
procession1=289
administrator1=251
userAccount7=250
customisation=258
userAccount6=249
userAccount5=248
userAccount4=247
userAccount3=246
userAccount2=245
userAccount1=244
position7=288
position6=287
floatB4=263
position5=286
floatB3=262
position4=285
floatB2=261
position3=284
floatB1=260
position2=283
position1=282
languagePosition14=277
languagePosition13=276
